../Core/Src/main.c:98:5:main	96	static
../Core/Src/main.c:228:6:SystemClock_Config	88	static
../Core/Src/main.c:270:13:MX_ADC1_Init	24	static
../Core/Src/main.c:322:13:MX_I2C2_Init	8	static
../Core/Src/main.c:370:13:MX_TIM1_Init	96	static
../Core/Src/main.c:444:13:MX_TIM3_Init	40	static
../Core/Src/main.c:492:13:MX_TIM4_Init	40	static
../Core/Src/main.c:540:13:MX_UART5_Init	8	static
../Core/Src/main.c:575:13:MX_UART7_Init	8	static
../Core/Src/main.c:610:13:MX_USART3_UART_Init	8	static
../Core/Src/main.c:645:13:MX_USART6_UART_Init	8	static
../Core/Src/main.c:678:13:MX_DMA_Init	16	static
../Core/Src/main.c:696:13:MX_GPIO_Init	56	static
../Core/Src/main.c:727:5:__io_putchar	16	static
../Core/Src/main.c:735:6:HAL_UARTEx_RxEventCallback	16	static
../Core/Src/main.c:745:6:HAL_UART_ErrorCallback	16	static
../Core/Src/main.c:758:6:MPU_Config	24	static
../Core/Src/main.c:789:6:Error_Handler	4	static,ignoring_inline_asm
