../Drivers/STM32F7xx_HAL_Driver/Src/stm32f7xx_hal_flash.c:168:19:HAL_FLASH_Program	32	static
../Drivers/STM32F7xx_HAL_Driver/Src/stm32f7xx_hal_flash.c:237:19:HAL_FLASH_Program_IT	32	static
../Drivers/STM32F7xx_HAL_Driver/Src/stm32f7xx_hal_flash.c:299:6:HAL_FLASH_IRQHandler	16	static
../Drivers/STM32F7xx_HAL_Driver/Src/stm32f7xx_hal_flash.c:434:13:HAL_FLASH_EndOfOperationCallback	16	static
../Drivers/STM32F7xx_HAL_Driver/Src/stm32f7xx_hal_flash.c:452:13:HAL_FLASH_OperationErrorCallback	16	static
../Drivers/STM32F7xx_HAL_Driver/Src/stm32f7xx_hal_flash.c:484:19:HAL_FLASH_Unlock	16	static
../Drivers/STM32F7xx_HAL_Driver/Src/stm32f7xx_hal_flash.c:508:19:HAL_FLASH_Lock	4	static
../Drivers/STM32F7xx_HAL_Driver/Src/stm32f7xx_hal_flash.c:520:19:HAL_FLASH_OB_Unlock	4	static
../Drivers/STM32F7xx_HAL_Driver/Src/stm32f7xx_hal_flash.c:540:19:HAL_FLASH_OB_Lock	4	static
../Drivers/STM32F7xx_HAL_Driver/Src/stm32f7xx_hal_flash.c:552:19:HAL_FLASH_OB_Launch	8	static
../Drivers/STM32F7xx_HAL_Driver/Src/stm32f7xx_hal_flash.c:588:10:HAL_FLASH_GetError	4	static
../Drivers/STM32F7xx_HAL_Driver/Src/stm32f7xx_hal_flash.c:602:19:FLASH_WaitForLastOperation	24	static
../Drivers/STM32F7xx_HAL_Driver/Src/stm32f7xx_hal_flash.c:657:13:FLASH_Program_DoubleWord	24	static,ignoring_inline_asm
../Drivers/STM32F7xx_HAL_Driver/Src/stm32f7xx_hal_flash.c:694:13:FLASH_Program_Word	16	static,ignoring_inline_asm
../Drivers/STM32F7xx_HAL_Driver/Src/stm32f7xx_hal_flash.c:723:13:FLASH_Program_HalfWord	16	static,ignoring_inline_asm
../Drivers/STM32F7xx_HAL_Driver/Src/stm32f7xx_hal_flash.c:753:13:FLASH_Program_Byte	16	static,ignoring_inline_asm
../Drivers/STM32F7xx_HAL_Driver/Src/stm32f7xx_hal_flash.c:774:13:FLASH_SetErrorCode	4	static
